// Jest Snapshot v1, https://goo.gl/fbAQLP

exports[`Snapshots renders correctly 1`] = `
<styled.section>
  <HomeHeader />
  <BeginBtn />
</styled.section>
`;

exports[`Snapshots renders correctly 2`] = `
<styled.section>
  <QuizHeader />
  <QuizBox />
  <QuestionCounter />
</styled.section>
`;

exports[`Snapshots renders correctly 3`] = `
<styled.section>
  <ResultsHeader />
  <ScoreCard />
  <PlayAgainBtn />
</styled.section>
`;
